McPAT (version 1.3 of Feb, 2015) is computing the target processor...
 

McPAT (version 1.3 of Feb, 2015) results  (current print level is 5)
*****************************************************************************************
  Technology 22 nm
  Using Long Channel Devices When Appropriate
  Interconnect metal projection= aggressive interconnect technology projection
  Core clock Rate(MHz) 4000

*****************************************************************************************
Processor: 
  Area = 30.5122 mm^2
  Peak Power = 61.5839 W
  Total Leakage = 10.5679 W
  Peak Dynamic = 51.0159 W
  Subthreshold Leakage = 10.5538 W
  Subthreshold Leakage with power gating = 3.59841 W
  Gate Leakage = 0.0141367 W
  Runtime Dynamic = 11.1568 W

  Total Cores: 1 cores 
  Device Type= ITRS high performance device type
    Area = 14.5209 mm^2
    Peak Dynamic = 21.4709 W
    Subthreshold Leakage = 7.37459 W
    Subthreshold Leakage with power gating = 2.81964 W
    Gate Leakage = 0.0111126 W
    Runtime Dynamic = 8.27833 W

  Total L3s: 
  Device Type= ITRS high performance device type
    Area = 0.019246 mm^2
    Peak Dynamic = 0.120165 W
    Subthreshold Leakage = 0.00816913 W
    Subthreshold Leakage with power gating = 0.00298074 W
    Gate Leakage = 2.29937e-05 W
    Runtime Dynamic = 0 W

  Total First Level Directory: 
  Device Type= ITRS high performance device type
    Area = 0.00754768 mm^2
    Peak Dynamic = 0.0067045 W
    Subthreshold Leakage = 0.00194595 W
    Subthreshold Leakage with power gating = 0.000875678 W
    Gate Leakage = 8.1962e-06 W
    Runtime Dynamic = 0 W

  Total Second Level Directory: 
  Device Type= ITRS high performance device type
    Area = 0.00754768 mm^2
    Peak Dynamic = 0.0067045 W
    Subthreshold Leakage = 0.00194595 W
    Subthreshold Leakage with power gating = 0.000875678 W
    Gate Leakage = 8.1962e-06 W
    Runtime Dynamic = 0 W

  Total NoCs (Network/Bus): 
  Device Type= ITRS high performance device type
    Area = 0.108914 mm^2
    Peak Dynamic = 0.626822 W
    Subthreshold Leakage = 0.0430798 W
    Subthreshold Leakage with power gating = 0.0144768 W
    Gate Leakage = 0.000121556 W
    Runtime Dynamic = 0 W

  Total MCs: 4 Memory Controllers 
  Device Type= ITRS high performance device type
    Area = 15.8481 mm^2
    Peak Dynamic = 28.7846 W
    Subthreshold Leakage = 3.12407 W
    Subthreshold Leakage with power gating = 0.759556 W
    Gate Leakage = 0.00286315 W
    Runtime Dynamic = 2.87846 W

*****************************************************************************************
Core:
      Area = 14.5209 mm^2
      Peak Dynamic = 21.4709 W
      Subthreshold Leakage = 7.37459 W
      Subthreshold Leakage with power gating = 2.81964 W
      Gate Leakage = 0.0111126 W
      Runtime Dynamic = 8.27833 W

      Instruction Fetch Unit:
        Area = 4.21345 mm^2
        Peak Dynamic = 6.46687 W
        Subthreshold Leakage = 1.82119 W
        Subthreshold Leakage with power gating = 0.794057 W
        Gate Leakage = 0.00237235 W
        Runtime Dynamic = 1.99569 W

          Instruction Cache:
            Area = 0.401338 mm^2
            Peak Dynamic = 0.525877 W
            Subthreshold Leakage = 0.263687 W
            Subthreshold Leakage with power gating = 0.100271 W
            Gate Leakage = 0.000357244 W
            Runtime Dynamic = 0.0545822 W

          Branch Target Buffer:
            Area = 0.0520758 mm^2
            Peak Dynamic = 0.0417118 W
            Subthreshold Leakage = 0.0146552 W
            Subthreshold Leakage with power gating = 0.00712747 W
            Gate Leakage = 1.31642e-05 W
            Runtime Dynamic = 0.0103103 W

          Branch Predictor:
            Area = 2.84935 mm^2
            Peak Dynamic = 4.45942 W
            Subthreshold Leakage = 1.09633 W
            Subthreshold Leakage with power gating = 0.525614 W
            Gate Leakage = 0.00129566 W
            Runtime Dynamic = 1.29547 W

              Global Predictor:
                Area = 0.0203437 mm^2
                Peak Dynamic = 0.0137093 W
                Subthreshold Leakage = 0.0134509 W
                Subthreshold Leakage with power gating = 0.00682141 W
                Gate Leakage = 1.07366e-05 W
                Runtime Dynamic = 0.00206895 W

              Local Predictor:
              L1_Local Predictor:
                Area = 2.80133 mm^2
                Peak Dynamic = 4.42329 W
                Subthreshold Leakage = 1.06533 W
                Subthreshold Leakage with power gating = 0.509976 W
                Gate Leakage = 0.00127034 W
                Runtime Dynamic = 1.29044 W

              L2_Local Predictor:
                Area = 0.00577096 mm^2
                Peak Dynamic = 0.00500092 W
                Subthreshold Leakage = 0.00373552 W
                Subthreshold Leakage with power gating = 0.0018393 W
                Gate Leakage = 3.42177e-06 W
                Runtime Dynamic = 0.000891102 W

              Chooser:
                Area = 0.0203437 mm^2
                Peak Dynamic = 0.0137093 W
                Subthreshold Leakage = 0.0134509 W
                Subthreshold Leakage with power gating = 0.00682141 W
                Gate Leakage = 1.07366e-05 W
                Runtime Dynamic = 0.00206895 W

              RAS:
                Area = 0.00156062 mm^2
                Peak Dynamic = 0.00370871 W
                Subthreshold Leakage = 0.000356248 W
                Subthreshold Leakage with power gating = 0.000155699 W
                Gate Leakage = 4.21077e-07 W
                Runtime Dynamic = 0 W

          Instruction Buffer:
            Area = 0.00849419 mm^2
            Peak Dynamic = 0.621925 W
            Subthreshold Leakage = 0.00352506 W
            Subthreshold Leakage with power gating = 0.001566 W
            Gate Leakage = 3.45542e-06 W
            Runtime Dynamic = 0.256544 W

          Instruction Decoder:
            Area = 0.854606 mm^2
            Peak Dynamic = 0.711135 W
            Subthreshold Leakage = 0.361292 W
            Subthreshold Leakage with power gating = 0.130065 W
            Gate Leakage = 0.000402065 W
            Runtime Dynamic = 0.293343 W

      Renaming Unit:
        Area = 0.166931 mm^2
        Peak Dynamic = 2.77931 W
        Subthreshold Leakage = 0.088364 W
        Subthreshold Leakage with power gating = 0.0328301 W
        Gate Leakage = 0.000308125 W
        Runtime Dynamic = 1.02284 W

          Int Front End RAT with 0 internal checkpoints:
            Area = 0.0211086 mm^2
            Peak Dynamic = 1.44537 W
            Subthreshold Leakage = 0.00103172 W
            Subthreshold Leakage with power gating = 0.000494367 W
            Gate Leakage = 1.29599e-06 W
            Runtime Dynamic = 0.557122 W

          FP Front End RAT with 0 internal checkpoints:
            Area = 0.00626328 mm^2
            Peak Dynamic = 0.711248 W
            Subthreshold Leakage = 0.000560468 W
            Subthreshold Leakage with power gating = 0.000267931 W
            Gate Leakage = 7.28843e-07 W
            Runtime Dynamic = 0.0531804 W

          Free List:
            Area = 0.0548701 mm^2
            Peak Dynamic = 0.0865958 W
            Subthreshold Leakage = 0.0024558 W
            Subthreshold Leakage with power gating = 0.00131282 W
            Gate Leakage = 2.4131e-06 W
            Runtime Dynamic = 0.0561823 W

          Int Retire RAT: 
            Area = 0.00897726 mm^2
            Peak Dynamic = 0.0342243 W
            Subthreshold Leakage = 0.000617253 W
            Subthreshold Leakage with power gating = 0.000299241 W
            Gate Leakage = 7.71026e-07 W
            Runtime Dynamic = 0.0099173 W

          FP Retire RAT:
            Area = 0.00258785 mm^2
            Peak Dynamic = 0.0110448 W
            Subthreshold Leakage = 0.000292791 W
            Subthreshold Leakage with power gating = 0.000147058 W
            Gate Leakage = 4.13248e-07 W
            Runtime Dynamic = 0.000606643 W

          FP Free List:
            Area = 0.0255437 mm^2
            Peak Dynamic = 0.0635978 W
            Subthreshold Leakage = 0.00170212 W
            Subthreshold Leakage with power gating = 0.000895282 W
            Gate Leakage = 1.73308e-06 W
            Runtime Dynamic = 0.00404585 W

      Load Store Unit:
        Area = 1.85212 mm^2
        Peak Dynamic = 2.25124 W
        Subthreshold Leakage = 1.07304 W
        Subthreshold Leakage with power gating = 0.400749 W
        Gate Leakage = 0.0016757 W
        Runtime Dynamic = 0.416028 W

          Data Cache:
            Area = 1.50084 mm^2
            Peak Dynamic = 1.96909 W
            Subthreshold Leakage = 0.930244 W
            Subthreshold Leakage with power gating = 0.349345 W
            Gate Leakage = 0.00128629 W
            Runtime Dynamic = 0.17277 W

          LoadQ:
            Area = 0.0698251 mm^2
            Peak Dynamic = 0.0876738 W
            Subthreshold Leakage = 0.0305434 W
            Subthreshold Leakage with power gating = 0.0109956 W
            Gate Leakage = 4.43227e-05 W
            Runtime Dynamic = 0.0526043 W

          StoreQ:
            Area = 0.0698251 mm^2
            Peak Dynamic = 0.0876738 W
            Subthreshold Leakage = 0.0305434 W
            Subthreshold Leakage with power gating = 0.0109956 W
            Gate Leakage = 4.43227e-05 W
            Runtime Dynamic = 0.105209 W

      Memory Management Unit:
        Area = 0.0981738 mm^2
        Peak Dynamic = 0.294179 W
        Subthreshold Leakage = 0.105114 W
        Subthreshold Leakage with power gating = 0.0378411 W
        Runtime Dynamic = 0.213613 W

          Itlb:
            Area = 0.012108 mm^2
            Peak Dynamic = 0.00653924 W
            Subthreshold Leakage = 0.00655894 W
            Subthreshold Leakage with power gating = 0.00236122 W
            Gate Leakage = 8.94812e-06 W
            Runtime Dynamic = 0 W

          Dtlb:
            Area = 0.0384856 mm^2
            Peak Dynamic = 0.0206236 W
            Subthreshold Leakage = 0.0168515 W
            Subthreshold Leakage with power gating = 0.00606654 W
            Gate Leakage = 2.36467e-05 W
            Runtime Dynamic = 0 W

      Execution Unit:
        Area = 5.26739 mm^2
        Peak Dynamic = 9.5616 W
        Subthreshold Leakage = 2.20841 W
        Subthreshold Leakage with power gating = 0.805832 W
        Runtime Dynamic = 4.63016 W

          Register Files:
            Area = 1.07346 mm^2
            Peak Dynamic = 3.06047 W
            Subthreshold Leakage = 0.0715723 W
            Subthreshold Leakage with power gating = 0.0339382 W
            Gate Leakage = 8.39932e-05 W
            Runtime Dynamic = 0.429987 W

              Integer RF:
                Area = 0.536731 mm^2
                Peak Dynamic = 2.45899 W
                Subthreshold Leakage = 0.0357862 W
                Subthreshold Leakage with power gating = 0.0169691 W
                Gate Leakage = 4.19966e-05 W
                Runtime Dynamic = 0.370017 W

              Floating Point RF:
                Area = 0.536731 mm^2
                Peak Dynamic = 0.601483 W
                Subthreshold Leakage = 0.0357862 W
                Subthreshold Leakage with power gating = 0.0169691 W
                Gate Leakage = 4.19966e-05 W
                Runtime Dynamic = 0.0724111 W

          Instruction Scheduler:
            Area = 0.325195 mm^2
            Peak Dynamic = 1.8886 W
            Subthreshold Leakage = 0.0507177 W
            Subthreshold Leakage with power gating = 0.0208898 W
            Gate Leakage = 6.6877e-05 W
            Runtime Dynamic = 0.912996 W

              Instruction Window:
                Area = 0.0576312 mm^2
                Peak Dynamic = 0.486039 W
                Subthreshold Leakage = 0.0143608 W
                Subthreshold Leakage with power gating = 0.0051699 W
                Gate Leakage = 2.14976e-05 W
                Runtime Dynamic = 0.28548 W

              FP Instruction Window:
                Area = 0.0534741 mm^2
                Peak Dynamic = 0.372611 W
                Subthreshold Leakage = 0.0188187 W
                Subthreshold Leakage with power gating = 0.00677472 W
                Gate Leakage = 2.77821e-05 W
                Runtime Dynamic = 0.135301 W

              ROB:
                Area = 0.21409 mm^2
                Peak Dynamic = 1.02995 W
                Subthreshold Leakage = 0.0175382 W
                Subthreshold Leakage with power gating = 0.00894517 W
                Gate Leakage = 1.75973e-05 W
                Runtime Dynamic = 0.492215 W

          Integer ALUs (Count: 6 ):
            Area = 0.230726 mm^2
            Peak Dynamic = 1.19719 W
            Subthreshold Leakage = 0.327734 W
            Subthreshold Leakage with power gating = 0.117984 W
            Gate Leakage = 0.000479405 W
            Runtime Dynamic = 0.539554 W

          Floating Point Units (FPUs) (Count: 6 ):
            Area = 3.34032 mm^2
            Peak Dynamic = 1.07747 W
            Subthreshold Leakage = 1.18618 W
            Subthreshold Leakage with power gating = 0.427026 W
            Gate Leakage = 0.00173513 W
            Runtime Dynamic = 0.604027 W

          Complex ALUs (Mul/Div) (Count: 2 ):
            Area = 0.230726 mm^2
            Peak Dynamic = 0.267364 W
            Subthreshold Leakage = 0.327734 W
            Subthreshold Leakage with power gating = 0.117984 W
            Gate Leakage = 0.000479405 W
            Runtime Dynamic = 0.139631 W

          Results Broadcast Bus:
            Area Overhead = 0.0193859 mm^2
            Peak Dynamic = 1.64329 W
            Subthreshold Leakage = 0.162765 W
            Subthreshold Leakage with power gating = 0.0585953 W
            Gate Leakage = 0.00023809 W
            Runtime Dynamic = 1.66218 W

    L2
    Area = 0.0189192 mm^2
    Peak Dynamic = 0.117718 W
    Subthreshold Leakage = 0.0160624 W
    Subthreshold Leakage with power gating = 0.00586218 W
    Gate Leakage = 2.2535e-05 W
    Runtime Dynamic = 0 W

*****************************************************************************************
      L3
      Area = 0.019246 mm^2
      Peak Dynamic = 0.120165 W
      Subthreshold Leakage = 0.00816913 W
      Subthreshold Leakage with power gating = 0.00298074 W
      Gate Leakage = 2.29937e-05 W
      Runtime Dynamic = 0 W

*****************************************************************************************
      First Level Directory
      Area = 0.00754768 mm^2
      Peak Dynamic = 0.0067045 W
      Subthreshold Leakage = 0.00194595 W
      Subthreshold Leakage with power gating = 0.000875678 W
      Gate Leakage = 8.1962e-06 W
      Runtime Dynamic = 0 W

*****************************************************************************************
      Second Level Directory
      Area = 0.00754768 mm^2
      Peak Dynamic = 0.0067045 W
      Subthreshold Leakage = 0.00194595 W
      Subthreshold Leakage with power gating = 0.000875678 W
      Gate Leakage = 8.1962e-06 W
      Runtime Dynamic = 0 W

*****************************************************************************************
Memory Controller:
      Area = 3.96201 mm^2
      Peak Dynamic = 7.19616 W
      Subthreshold Leakage = 0.781017 W
      Subthreshold Leakage with power gating = 0.189889 W
      Gate Leakage = 0.000715787 W
      Runtime Dynamic = 2.87846 W

      Front End Engine:
        Area = 0.230165 mm^2
        Peak Dynamic = 1.53245 W
        Subthreshold Leakage = 0.0878421 W
        Subthreshold Leakage with power gating = 0.0235271 W
        Gate Leakage = 7.60771e-05 W
        Runtime Dynamic = 0.612979 W

      Transaction Engine:
        Area = 1.32845 mm^2
        Peak Dynamic = 5.43776 W
        Subthreshold Leakage = 0.246754 W
        Subthreshold Leakage with power gating = 0.0592209 W
        Gate Leakage = 0.000227721 W
        Runtime Dynamic = 2.1751 W

      PHY:
        Area = 2.4034 mm^2
        Peak Dynamic = 0.225947 W
        Subthreshold Leakage = 0.446421 W
        Subthreshold Leakage with power gating = 0.107141 W
        Gate Leakage = 0.000411988 W
        Runtime Dynamic = 0.0903787 W

*****************************************************************************************
NOC
      Area = 0.108914 mm^2
      Peak Dynamic = 0.626822 W
      Subthreshold Leakage = 0.0430798 W
      Subthreshold Leakage with power gating = 0.0144768 W
      Gate Leakage = 0.000121556 W
      Runtime Dynamic = 0 W

      Router: 
        Area = 0.108914 mm^2
        Peak Dynamic = 0.626822 W
        Subthreshold Leakage = 0.0430798 W
        Subthreshold Leakage with power gating = 0.0144768 W
        Gate Leakage = 0.000121556 W
        Runtime Dynamic = 0 W

            Virtual Channel Buffer:
              Area = 0.0651005 mm^2
              Peak Dynamic = 0.348957 W
              Subthreshold Leakage = 0.00573303 W
              Subthreshold Leakage with power gating = 0.00103195 W
              Gate Leakage = 1.19331e-05 W
              Runtime Dynamic = 0 W

            Crossbar:
              Area = 0.0102137 mm^2
              Peak Dynamic = 0.276931 W
              Subthreshold Leakage = 0.0373461 W
              Subthreshold Leakage with power gating = 0.0134446 W
              Gate Leakage = 0.000109621 W
              Runtime Dynamic = 0 W

            Arbiter:
              Peak Dynamic = 0.000933981 W
              Subthreshold Leakage = 6.23276e-07 W
              Subthreshold Leakage with power gating = 2.24379e-07 W
              Gate Leakage = 1.37911e-09 W
              Runtime Dynamic = 0 W

*****************************************************************************************
